PS C:\Users\Oleg\Desktop\git-1> git add subfolder-1
PS C:\Users\Oleg\Desktop\git-1> git add subfolder-2
PS C:\Users\Oleg\Desktop\git-1> git status
On branch main

No commits yet

Changes to be committed:
  (use "git rm --cached <file>..." to unstage)
        new file:   subfolder-1/site.html
        new file:   subfolder-2/style.css

PS C:\Users\Oleg\Desktop\git-1> git commit
[main (root-commit) 1e53e8c] added site.html and style.css, did some basic styling.
 2 files changed, 15 insertions(+)
 create mode 100644 subfolder-1/site.html
 create mode 100644 subfolder-2/style.css
PS C:\Users\Oleg\Desktop\git-1> git status
On branch main
Changes not staged for commit:
  (use "git add <file>..." to update what will be committed)
  (use "git restore <file>..." to discard changes in working directory)
        modified:   subfolder-2/style.css

no changes added to commit (use "git add" and/or "git commit -a")
PS C:\Users\Oleg\Desktop\git-1> git add subfolder-2
PS C:\Users\Oleg\Desktop\git-1> git status
On branch main
Changes to be committed:
  (use "git restore --staged <file>..." to unstage)
        modified:   subfolder-2/style.css

PS C:\Users\Oleg\Desktop\git-1> git commit
[main 8e883fd] modified style.css, changed font size.
 1 file changed, 1 insertion(+)
PS C:\Users\Oleg\Desktop\git-1> git status
On branch main
Untracked files:
  (use "git add <file>..." to include in what will be committed)
        subfolder-3/

nothing added to commit but untracked files present (use "git add" to track)
PS C:\Users\Oleg\Desktop\git-1> git status  
On branch main
Untracked files:
  (use "git add <file>..." to include in what will be committed)
        subfolder-3/

nothing added to commit but untracked files present (use "git add" to track)
PS C:\Users\Oleg\Desktop\git-1> git add subfolder-3
PS C:\Users\Oleg\Desktop\git-1> git status
On branch main
Changes to be committed:
  (use "git restore --staged <file>..." to unstage)
        new file:   subfolder-3/media.html

PS C:\Users\Oleg\Desktop\git-1> git commit
[main 239dbb0] created new subfolder with media.html, which also has some basic styling.
 1 file changed, 11 insertions(+)
 create mode 100644 subfolder-3/media.html
PS C:\Users\Oleg\Desktop\git-1> git checkout
M       subfolder-3/media.html
PS C:\Users\Oleg\Desktop\git-1> git checkout -- subfolder-3/media.html
PS C:\Users\Oleg\Desktop\git-1> git log
commit 239dbb0c1ae270062c13fc7ed665bbc076583301 (HEAD -> main)
Author: Oleg Lutsik <oleglutsik.dev@gmail.com>
Date:   Sat Nov 9 15:41:45 2024 +0200

    created new subfolder with media.html, which also
    has some basic styling.

commit 8e883fd22d8d1c97923f6ed9906310a2460bf33c
Author: Oleg Lutsik <oleglutsik.dev@gmail.com>
Date:   Sat Nov 9 15:40:29 2024 +0200

    modified style.css, changed font size.

commit 1e53e8c34c207965d38d9a2c69f65d845a3f031d
Author: Oleg Lutsik <oleglutsik.dev@gmail.com>
Date:   Sat Nov 9 15:39:13 2024 +0200

    added site.html and style.css, did some basic
    styling.
PS C:\Users\Oleg\Desktop\git-1> git add subfolder-3
PS C:\Users\Oleg\Desktop\git-1> git status
On branch main
Changes to be committed:
  (use "git restore --staged <file>..." to unstage)
        modified:   subfolder-3/media.html

PS C:\Users\Oleg\Desktop\git-1> git reset subfolder-3/media.html
Unstaged changes after reset:
M       subfolder-3/media.html
PS C:\Users\Oleg\Desktop\git-1> git status
On branch main
Changes not staged for commit:
  (use "git add <file>..." to update what will be committed)
  (use "git restore <file>..." to discard changes in working directory)
        modified:   subfolder-3/media.html

no changes added to commit (use "git add" and/or "git commit -a")
PS C:\Users\Oleg\Desktop\git-1> git status
On branch main
Changes not staged for commit:
  (use "git add <file>..." to update what will be committed)
  (use "git restore <file>..." to discard changes in working directory)
        modified:   subfolder-3/media.html

no changes added to commit (use "git add" and/or "git commit -a")
PS C:\Users\Oleg\Desktop\git-1> git add subfolder-3
PS C:\Users\Oleg\Desktop\git-1> git commit
[main d172b97] changed body content in media.html
 1 file changed, 4 insertions(+)
PS C:\Users\Oleg\Desktop\git-1> git revert HEAD 
[main 6fc4fd9] Revert "changed body content in media.html"
 1 file changed, 4 deletions(-)
PS C:\Users\Oleg\Desktop\git-1> git log
commit 6fc4fd948084b134c39ad829ecdac78eb392504e (HEAD -> main)
Author: Oleg Lutsik <oleglutsik.dev@gmail.com>
Date:   Sat Nov 9 15:48:18 2024 +0200

    Revert "changed body content in media.html"

    This reverts commit d172b97df4580a2d766e22a48b87917849e342f8.

commit d172b97df4580a2d766e22a48b87917849e342f8
Author: Oleg Lutsik <oleglutsik.dev@gmail.com>
Date:   Sat Nov 9 15:47:12 2024 +0200

    changed body content in media.html

commit 239dbb0c1ae270062c13fc7ed665bbc076583301
Author: Oleg Lutsik <oleglutsik.dev@gmail.com>
Date:   Sat Nov 9 15:41:45 2024 +0200

    created new subfolder with media.html, which also
    has some basic styling.

commit 8e883fd22d8d1c97923f6ed9906310a2460bf33c
Author: Oleg Lutsik <oleglutsik.dev@gmail.com>
Date:   Sat Nov 9 15:40:29 2024 +0200

    modified style.css, changed font size.

commit 1e53e8c34c207965d38d9a2c69f65d845a3f031d
Author: Oleg Lutsik <oleglutsik.dev@gmail.com>
Date:   Sat Nov 9 15:39:13 2024 +0200

    added site.html and style.css, did some basic
    styling.
PS C:\Users\Oleg\Desktop\git-1> git reset --hard HEAD~3
HEAD is now at 8e883fd modified style.css, changed font size.
PS C:\Users\Oleg\Desktop\git-1> git log
commit 8e883fd22d8d1c97923f6ed9906310a2460bf33c (HEAD -> main)
Author: Oleg Lutsik <oleglutsik.dev@gmail.com>
Date:   Sat Nov 9 15:40:29 2024 +0200

    modified style.css, changed font size.

commit 1e53e8c34c207965d38d9a2c69f65d845a3f031d
Author: Oleg Lutsik <oleglutsik.dev@gmail.com>
Date:   Sat Nov 9 15:39:13 2024 +0200

    added site.html and style.css, did some basic
    styling.
PS C:\Users\Oleg\Desktop\git-1> git status
On branch main
Changes not staged for commit:
  (use "git add <file>..." to update what will be committed)
  (use "git restore <file>..." to discard changes in working directory)
        modified:   subfolder-2/style.css

no changes added to commit (use "git add" and/or "git commit -a")
PS C:\Users\Oleg\Desktop\git-1> git add subfolder-2
PS C:\Users\Oleg\Desktop\git-1> git commit --amend
[main 63105e2] changed background color in style.css
 Date: Sat Nov 9 15:40:29 2024 +0200
 1 file changed, 2 insertions(+)
PS C:\Users\Oleg\Desktop\git-1>